src/components/Questions/Questions.tsx(1403,50): error TS2304: Cannot find name 'ExamTakerPossibleAnswer'.
